C:\Users\xenap\Documents\NetBeansProjects\Vuelos1Eval\src\main\java\business\VueloDiario.java
C:\Users\xenap\Documents\NetBeansProjects\Vuelos1Eval\src\main\java\ui\MainFrame.java
C:\Users\xenap\Documents\NetBeansProjects\Vuelos1Eval\src\main\java\data\CompaniaAereaDAO.java
C:\Users\xenap\Documents\NetBeansProjects\Vuelos1Eval\src\main\java\ui\VueloForm.java
C:\Users\xenap\Documents\NetBeansProjects\Vuelos1Eval\src\main\java\data\VueloDiarioDAO.java
C:\Users\xenap\Documents\NetBeansProjects\Vuelos1Eval\src\main\java\test\GestionVuelosTest.java
C:\Users\xenap\Documents\NetBeansProjects\Vuelos1Eval\src\main\java\ui\AyudaFrame.java
C:\Users\xenap\Documents\NetBeansProjects\Vuelos1Eval\src\main\java\business\CompaniaAerea.java
C:\Users\xenap\Documents\NetBeansProjects\Vuelos1Eval\src\main\java\ui\TemperaturaFrame.java
C:\Users\xenap\Documents\NetBeansProjects\Vuelos1Eval\src\main\java\ui\CompaniaAereaForm.java
C:\Users\xenap\Documents\NetBeansProjects\Vuelos1Eval\src\main\java\test\GestionCompaniasAereasTest.java
C:\Users\xenap\Documents\NetBeansProjects\Vuelos1Eval\src\main\java\ui\LLegadasPanel.java
C:\Users\xenap\Documents\NetBeansProjects\Vuelos1Eval\src\main\java\utils\ValidationUtils.java
C:\Users\xenap\Documents\NetBeansProjects\Vuelos1Eval\src\main\java\business\VueloBase.java
C:\Users\xenap\Documents\NetBeansProjects\Vuelos1Eval\src\main\java\business\GestionVuelos.java
C:\Users\xenap\Documents\NetBeansProjects\Vuelos1Eval\src\main\java\data\VueloBaseDAO.java
C:\Users\xenap\Documents\NetBeansProjects\Vuelos1Eval\src\main\java\business\GestionCompaniasAereas.java
C:\Users\xenap\Documents\NetBeansProjects\Vuelos1Eval\src\main\java\data\DataPersistence.java
C:\Users\xenap\Documents\NetBeansProjects\Vuelos1Eval\src\main\java\ui\SalidasPanel.java
